\BOOKMARK [1][-]{section.1}{\376\377\225\356\230\230\143\317\217\360\116\016\145\160\133\146\136\372\152\041}{}% 1
\BOOKMARK [2][-]{subsection.1.1}{\376\377\127\072\146\157\116\016\121\263\173\126\123\330\221\317}{section.1}% 2
\BOOKMARK [2][-]{subsection.1.2}{\376\377\176\246\147\137\147\141\116\366\166\204\162\151\164\006\124\053\116\111}{section.1}% 3
\BOOKMARK [2][-]{subsection.1.3}{\376\377\117\030\123\026\227\142\116\064\166\204\116\011\116\052\150\070\137\303\126\360\226\276}{section.1}% 4
\BOOKMARK [1][-]{section.2}{\376\377\225\032\160\271\144\034\175\042\377\032\174\227\174\222\136\246\177\121\150\074\116\016\000\040\000N\000e\000l\000d\000e\000r\000-\000M\000e\000a\000d}{}% 5
\BOOKMARK [2][-]{subsection.2.1}{\376\377\116\300\116\110\146\057\225\032\160\271\144\034\175\042\377\014\116\072\116\300\116\110\227\000\211\201\133\203}{section.2}% 6
\BOOKMARK [2][-]{subsection.2.2}{\376\377\174\227\174\222\136\246\000\040\0004\000D\000\040\177\121\150\074\220\115\123\206}{section.2}% 7
\BOOKMARK [2][-]{subsection.2.3}{\376\377\000N\000e\000l\000d\000e\000r\000-\000M\000e\000a\000d\000\040\123\125\176\257\137\142\134\100\220\350\174\276\123\026}{section.2}% 8
\BOOKMARK [1][-]{section.3}{\376\377\232\330\145\257\217\307\172\013\116\343\164\006\152\041\127\213}{}% 9
\BOOKMARK [2][-]{subsection.3.1}{\376\377\122\035\131\313\221\307\150\067\377\032\000L\000a\000t\000i\000n\000\040\000H\000y\000p\000e\000r\000c\000u\000b\000e}{section.3}% 10
\BOOKMARK [2][-]{subsection.3.2}{\376\377\000R\000B\000F\000\040\150\070\121\375\145\160}{section.3}% 11
\BOOKMARK [2][-]{subsection.3.3}{\376\377\124\016\232\214\230\204\155\113\166\204\145\160\133\146\143\250\133\374}{section.3}% 12
\BOOKMARK [2][-]{subsection.3.4}{\376\377\000C\000h\000o\000l\000e\000s\000k\000y\000\040\122\006\211\343\166\204\145\160\120\074\133\236\163\260}{section.3}% 13
\BOOKMARK [1][-]{section.4}{\376\377\000E\000x\000p\000e\000c\000t\000e\000d\000\040\000I\000m\000p\000r\000o\000v\000e\000m\000e\000n\000t\000\040\221\307\226\306\121\375\145\160}{}% 14
\BOOKMARK [2][-]{subsection.4.1}{\376\377\211\343\147\220\121\154\137\017\123\312\121\166\162\151\164\006\166\364\211\311}{section.4}% 15
\BOOKMARK [2][-]{subsection.4.2}{\376\377\136\163\156\321\140\351\177\132\154\325\131\004\164\006\176\246\147\137}{section.4}% 16
\BOOKMARK [1][-]{section.5}{\376\377\215\035\123\366\145\257\117\030\123\026\155\101\172\013\116\016\133\236\232\214\176\323\147\234}{}% 17
\BOOKMARK [2][-]{subsection.5.1}{\376\377\133\214\145\164\000\040\000B\000O\000\040\217\355\116\343\173\227\154\325}{section.5}% 18
\BOOKMARK [2][-]{subsection.5.2}{\376\377\133\236\232\214\213\276\213\241\116\016\133\214\145\164\176\323\147\234}{section.5}% 19
\BOOKMARK [2][-]{subsection.5.3}{\376\377\145\066\145\133\140\047\122\006\147\220\040\024\040\024\000E\000I\000\040\210\160\121\317}{section.5}% 20
\BOOKMARK [2][-]{subsection.5.4}{\376\377\225\032\160\271\144\034\175\042\166\204\150\070\137\303\116\367\120\074}{section.5}% 21
\BOOKMARK [2][-]{subsection.5.5}{\376\377\147\000\176\310\176\323\147\234\154\107\140\073}{section.5}% 22
