\BOOKMARK [1][-]{section.1}{\376\377\225\356\230\230\143\317\217\360\116\016\145\160\133\146\136\372\152\041}{}% 1
\BOOKMARK [2][-]{subsection.1.1}{\376\377\127\072\146\157\116\016\121\263\173\126\123\330\221\317}{section.1}% 2
\BOOKMARK [2][-]{subsection.1.2}{\376\377\131\032\137\071\123\117\124\014\166\356\150\007\121\375\145\160}{section.1}% 3
\BOOKMARK [2][-]{subsection.1.3}{\376\377\133\374\137\071\230\336\210\114\145\366\225\364\176\246\147\137}{section.1}% 4
\BOOKMARK [2][-]{subsection.1.4}{\376\377\0001\0002\000\040\176\364\117\030\123\026\166\204\116\011\221\315\126\360\226\276}{section.1}% 5
\BOOKMARK [1][-]{section.2}{\376\377\162\151\164\006\137\025\133\374\225\032\160\271\144\034\175\042}{}% 6
\BOOKMARK [2][-]{subsection.2.1}{\376\377\116\072\116\300\116\110\177\121\150\074\144\034\175\042\116\015\220\002\165\050\116\216\000\040\000F\000Y\0002\000\040\124\214\000\040\000F\000Y\0003}{section.2}% 7
\BOOKMARK [2][-]{subsection.2.2}{\376\377\162\151\164\006\166\364\211\311\377\032\133\374\137\071\040\023\166\356\150\007\217\336\176\277\137\025\133\374}{section.2}% 8
\BOOKMARK [2][-]{subsection.2.3}{\376\377\162\151\164\006\137\025\133\374\221\307\150\067\173\227\154\325}{section.2}% 9
\BOOKMARK [2][-]{subsection.2.4}{\376\377\000F\000Y\0001\000\040\225\032\160\271\377\010\131\015\165\050\225\356\230\230\116\214\377\011}{section.2}% 10
\BOOKMARK [2][-]{subsection.2.5}{\376\377\000F\000Y\0002\000\040\225\032\160\271\144\034\175\042}{section.2}% 11
\BOOKMARK [2][-]{subsection.2.6}{\376\377\000F\000Y\0003\000\040\225\032\160\271\144\034\175\042}{section.2}% 12
\BOOKMARK [2][-]{subsection.2.7}{\376\377\225\032\160\271\144\034\175\042\154\107\140\073}{section.2}% 13
\BOOKMARK [1][-]{section.3}{\376\377\215\035\123\366\145\257\117\030\123\026\123\125\147\072\174\276\123\026}{}% 14
\BOOKMARK [2][-]{subsection.3.1}{\376\377\000G\000P\000\040\000+\000\040\000E\000I\000\040\150\106\147\266\131\015\165\050}{section.3}% 15
\BOOKMARK [2][-]{subsection.3.2}{\376\377\000F\000Y\0002\000\040\215\035\123\366\145\257\117\030\123\026}{section.3}% 16
\BOOKMARK [2][-]{subsection.3.3}{\376\377\000F\000Y\0003\000\040\215\035\123\366\145\257\117\030\123\026}{section.3}% 17
\BOOKMARK [2][-]{subsection.3.4}{\376\377\000F\000Y\0001\000\040\166\364\143\245\131\015\165\050\225\356\230\230\116\214\176\323\147\234}{section.3}% 18
\BOOKMARK [1][-]{section.4}{\376\377\000C\000M\000A\000-\000E\000S\000\040\200\124\124\010\123\117\124\014\117\030\123\026}{}% 19
\BOOKMARK [2][-]{subsection.4.1}{\376\377\162\354\172\313\147\000\117\030\116\113\124\214\116\015\173\111\116\216\200\124\124\010\147\000\117\030}{section.4}% 20
\BOOKMARK [2][-]{subsection.4.2}{\376\377\000C\000M\000A\000-\000E\000S\000\040\173\227\154\325\221\115\177\156}{section.4}% 21
\BOOKMARK [2][-]{subsection.4.3}{\376\377\123\117\124\014\117\030\123\026\166\204\162\151\164\006\126\376\146\157}{section.4}% 22
\BOOKMARK [1][-]{section.5}{\376\377\133\214\145\164\173\227\154\325\155\101\172\013}{}% 23
\BOOKMARK [1][-]{section.6}{\376\377\133\236\232\214\176\323\147\234\116\016\122\006\147\220}{}% 24
\BOOKMARK [2][-]{subsection.6.1}{\376\377\124\004\226\066\153\265\176\323\147\234\154\107\140\073}{section.6}% 25
\BOOKMARK [2][-]{subsection.6.2}{\376\377\123\117\124\014\145\110\147\234\133\371\153\324}{section.6}% 26
\BOOKMARK [2][-]{subsection.6.3}{\376\377\162\151\164\006\123\357\211\343\221\312\140\047\377\032\145\366\172\172\122\006\134\102\143\245\122\233\220\156\205\075}{section.6}% 27
\BOOKMARK [2][-]{subsection.6.4}{\376\377\133\374\137\071\230\336\210\114\145\366\225\364\176\246\147\137\166\204\173\126\165\145\137\161\124\315}{section.6}% 28
\BOOKMARK [1][-]{section.7}{\376\377\176\323\213\272}{}% 29
